
> sito-certificazioni@0.1.0 build
> next build

node.exe : ÔÜá 
Warning: Next.js 
inferred your 
workspace root, but 
it may not be correct.
In C:\Program Files\no
dejs\npm.ps1:29 car:3
+   & $NODE_EXE 
$NPM_CLI_JS $args
+   ~~~~~~~~~~~~~~~~~~
~~~~~~~~~~~
    + CategoryInfo    
          : 
NotSpecified    : 
(ÔÜá Warning: Ne.    
..not be correct.:S   
 tring) [], RemoteEx  
  ception
    + 
FullyQualifiedErr    
orId : NativeComman   
 dError
 
 We detected multiple 
lockfiles and 
selected the 
directory of C:\Users\
PC\package-lock.json 
as the root directory.
 To silence this 
warning, set 
`turbopack.root` in 
your Next.js config, 
or consider removing 
one of the lockfiles 
if it's not needed.
   See https://nextjs.
org/docs/app/api-refer
ence/config/next-confi
g-js/turbopack#root-di
rectory for more 
information.
 Detected additional 
lockfiles: 
   * C:\Users\PC\Deskt
op\SpyGlass_Project\si
to-certificazioni\pack
age-lock.json
   * C:\Users\PC\Deskt
op\SpyGlass_Project\pa
ckage-lock.json

Ôû▓ Next.js 16.1.1 (Turbopack)

  Creating an optimized production build ...
Ô£ô Compiled successfully in 3.2s
  Running TypeScript ...
  Collecting page data using 11 workers ...
  Generating static pages using 11 workers (0/8) ...
  Generating static pages using 11 workers (2/8) 
  Generating static pages using 11 workers (4/8) 
  Generating static pages using 11 workers (6/8) 
Ô£ô Generating static pages using 11 workers (8/8) in 705.9ms
  Finalizing page optimization ...

Route (app)
Ôöî Ôùï /
Ôö£ Ôùï /_not-found
Ôö£ Ôùï /certificazioni
Ôö£ Ôùï /chi-siamo
Ôö£ Ôùï /contatti
Ôöö Ôùï /icon.png


Ôùï  (Static)  prerendered as static content

